#-----------------------------------------------------------
# Vivado v2025.1 (64-bit)
# SW Build 6140274 on Thu May 22 00:12:29 MDT 2025
# IP Build 6138677 on Thu May 22 03:10:11 MDT 2025
# SharedData Build 6139179 on Tue May 20 17:58:58 MDT 2025
# Start of session at: Sun Dec 14 23:48:06 2025
# Process ID         : 22564
# Current directory  : C:/Users/Usuario/Desktop/Uni/4/primer cuatri/SED/TrabajoVHDL/TrabajoVHDL/TrabajoVHDL.runs/synth_1
# Command line       : vivado.exe -log FSM.vds -product Vivado -mode batch -messageDb vivado.pb -notrace -source FSM.tcl
# Log file           : C:/Users/Usuario/Desktop/Uni/4/primer cuatri/SED/TrabajoVHDL/TrabajoVHDL/TrabajoVHDL.runs/synth_1/FSM.vds
# Journal file       : C:/Users/Usuario/Desktop/Uni/4/primer cuatri/SED/TrabajoVHDL/TrabajoVHDL/TrabajoVHDL.runs/synth_1\vivado.jou
# Running On         : Lenovo-de-Andres
# Platform           : Windows Server 2016 or Windows 10
# Operating System   : 26200
# Processor Detail   : 12th Gen Intel(R) Core(TM) i5-1235U
# CPU Frequency      : 2496 MHz
# CPU Physical cores : 10
# CPU Logical cores  : 12
# Host memory        : 16890 MB
# Swap memory        : 6442 MB
# Total Virtual      : 23333 MB
# Available Virtual  : 7410 MB
#-----------------------------------------------------------
source FSM.tcl -notrace
