#-----------------------------------------------------------
# Vivado v2025.1 (64-bit)
# SW Build 6140274 on Thu May 22 00:12:29 MDT 2025
# IP Build 6138677 on Thu May 22 03:10:11 MDT 2025
# SharedData Build 6139179 on Tue May 20 17:58:58 MDT 2025
# Start of session at: Tue Dec 23 10:55:40 2025
# Process ID         : 9476
# Current directory  : C:/Users/AdmLocal/Downloads/TOP_JUEGO_V1/TOP_JUEGO_V1
# Command line       : vivado.exe -gui_launcher_event rodinguilauncherevent14640 C:\Users\AdmLocal\Downloads\TOP_JUEGO_V1\TOP_JUEGO_V1\TOP_JUEGO_V1.xpr
# Log file           : C:/Users/AdmLocal/Downloads/TOP_JUEGO_V1/TOP_JUEGO_V1/vivado.log
# Journal file       : C:/Users/AdmLocal/Downloads/TOP_JUEGO_V1/TOP_JUEGO_V1\vivado.jou
# Running On         : Internet
# Platform           : Windows Server 2016 or Windows 10
# Operating System   : 26100
# Processor Detail   : Intel(R) Core(TM) i5-8500 CPU @ 3.00GHz
# CPU Frequency      : 3000 MHz
# CPU Physical cores : 6
# CPU Logical cores  : 6
# Host memory        : 8353 MB
# Swap memory        : 2281 MB
# Total Virtual      : 10634 MB
# Available Virtual  : 4082 MB
#-----------------------------------------------------------
start_gui
open_project C:/Users/AdmLocal/Downloads/TOP_JUEGO_V1/TOP_JUEGO_V1/TOP_JUEGO_V1.xpr
update_compile_order -fileset sources_1
